exports[`test renderer should render link 1`] = `
<a
  className=""
  href="/foo">
  Foo
</a>
`;
