exports[`test renderer should render logo, table of contents and passed children 1`] = `
<div
  className="">
  <main>
    <div>
      <h1>
        Content
      </h1>
      <footer>
        <_class
          text="Generated with [React Styleguidist](http://react-styleguidist.js.org/)" />
      </footer>
    </div>
  </main>
  <div>
    <div>
      <_class>
        Hello
      </_class>
    </div>
    <TableOfContents
      components={
        Array [
          Object {
            "filepath": "components/foo.js",
            "name": "Foo",
            "pathLine": "components/foo.js",
            "props": Object {
              "description": "Foo foo",
            },
          },
          Object {
            "filepath": "components/bar.js",
            "name": "Bar",
            "pathLine": "components/bar.js",
            "props": Object {
              "description": "Bar bar",
            },
          },
        ]
      }
      sections={
        Array [
          Object {
            "components": Array [
              Object {
                "filepath": "components/foo.js",
                "name": "Foo",
                "pathLine": "components/foo.js",
                "props": Object {
                  "description": "Foo foo",
                },
              },
              Object {
                "filepath": "components/bar.js",
                "name": "Bar",
                "pathLine": "components/bar.js",
                "props": Object {
                  "description": "Bar bar",
                },
              },
            ],
          },
        ]
      } />
  </div>
</div>
`;

exports[`test should render components list 1`] = `
<_class
  homepageUrl="https://github.com/styleguidist/react-styleguidist"
  sidebar={true}
  title="Hello"
  toc={
    <TableOfContents
      sections={
        Array [
          Object {
            "components": Array [
              Object {
                "filepath": "components/foo.js",
                "name": "Foo",
                "pathLine": "components/foo.js",
                "props": Object {
                  "description": "Foo foo",
                },
              },
              Object {
                "filepath": "components/bar.js",
                "name": "Bar",
                "pathLine": "components/bar.js",
                "props": Object {
                  "description": "Bar bar",
                },
              },
            ],
          },
        ]
      } />
  }>
  <Sections
    sections={
      Array [
        Object {
          "components": Array [
            Object {
              "filepath": "components/foo.js",
              "name": "Foo",
              "pathLine": "components/foo.js",
              "props": Object {
                "description": "Foo foo",
              },
            },
            Object {
              "filepath": "components/bar.js",
              "name": "Bar",
              "pathLine": "components/bar.js",
              "props": Object {
                "description": "Bar bar",
              },
            },
          ],
        },
      ]
    }
    sidebar={true} />
</_class>
`;

exports[`test should render error message when there is no components and sections 1`] = `
<_class
  homepageUrl="https://github.com/styleguidist/react-styleguidist"
  sidebar={false}
  title="Hello"
  toc={
    <TableOfContents
      sections={Array []} />
  }>
  <_class>
    No components or sections found. Check [the \`components\` and \`sections\` options](
    https://github.com/styleguidist/react-styleguidist/blob/master/docs/Configuration.md
    ) in your style guide config.
  </_class>
</_class>
`;
