exports[`test should render sections with nested components 1`] = `
<ul>
  <li
    className="">
    <_class
      href="#Button">
      Button
    </_class>
  </li>
  <li
    className="">
    <_class
      href="#Input">
      Input
    </_class>
  </li>
  <li
    className="">
    <_class
      href="#Textarea">
      Textarea
    </_class>
  </li>
</ul>
`;
