exports[`test renderer should render component 1`] = `
<div
  id="Foo-container">
  <header>
    <h2
      id="Foo">
      Foo
    </h2>
    <div>
      foo/bar.js
    </div>
    <div>
      <_class
        href="/">
        ← Back
      </_class>
    </div>
  </header>
  <div>
    Bar
  </div>
  <Playground
    code="<button>OK</button>"
    evalInContext={[Function]}
    index={0}
    name="Component" />
  <_class
    text="Hello *world*!" />
</div>
`;

exports[`test should not render props / methods section if there is no content 1`] = `
<div
  id="Test-container">
  <header>
    <h2
      id="Test">
      Test
    </h2>
    <div>
      test
    </div>
    <div>
      <_class
        href="/">
        ← Back
      </_class>
    </div>
  </header>
  <div />
</div>
`;

exports[`test should render both props and methods section 1`] = `
<div
  id="Test-container">
  <header>
    <h2
      id="Test">
      Test
    </h2>
    <div>
      test
    </div>
    <div>
      <_class
        href="/">
        ← Back
      </_class>
    </div>
  </header>
  <div />
  <div>
    <h3>
      Props
    </h3>
    <div>
      prop
    </div>
  </div>
  <div>
    <h3>
      Methods
    </h3>
    <div>
      method
    </div>
  </div>
</div>
`;

exports[`test should render component renderer 1`] = `
<_class
  description={
    <_class
      text="Bar" />
  }
  examples={
    <Examples
      examples={
        Array [
          Object {
            "content": "<button>OK</button>",
            "evalInContext": [Function],
            "type": "code",
          },
          Object {
            "content": "Hello *world*!",
            "type": "markdown",
          },
        ]
      }
      name="Foo" />
  }
  name="Foo"
  pathLine="foo/bar.js" />
`;

exports[`test should render methods section 1`] = `
<div
  id="Test-container">
  <header>
    <h2
      id="Test">
      Test
    </h2>
    <div>
      test
    </div>
    <div>
      <_class
        href="/">
        ← Back
      </_class>
    </div>
  </header>
  <div />
  <div>
    <h3>
      Methods
    </h3>
    <div>
      test
    </div>
  </div>
</div>
`;

exports[`test should render props section 1`] = `
<div
  id="Test-container">
  <header>
    <h2
      id="Test">
      Test
    </h2>
    <div>
      test
    </div>
    <div>
      <_class
        href="/">
        ← Back
      </_class>
    </div>
  </header>
  <div />
  <div>
    <h3>
      Props
    </h3>
    <div>
      test
    </div>
  </div>
</div>
`;
